<?php

use Twig\Environment;
use Twig\Error\LoaderError;
use Twig\Error\RuntimeError;
use Twig\Extension\CoreExtension;
use Twig\Extension\SandboxExtension;
use Twig\Markup;
use Twig\Sandbox\SecurityError;
use Twig\Sandbox\SecurityNotAllowedTagError;
use Twig\Sandbox\SecurityNotAllowedFilterError;
use Twig\Sandbox\SecurityNotAllowedFunctionError;
use Twig\Source;
use Twig\Template;
use Twig\TemplateWrapper;

/* index.twig */
class __TwigTemplate_b4835dfc90a481adfc0f4882582b5811 extends Template
{
    private Source $source;
    /**
     * @var array<string, Template>
     */
    private array $macros = [];

    public function __construct(Environment $env)
    {
        parent::__construct($env);

        $this->source = $this->getSourceContext();

        $this->parent = false;

        $this->blocks = [
        ];
    }

    protected function doDisplay(array $context, array $blocks = []): iterable
    {
        $macros = $this->macros;
        // line 1
        $twigCacheExtension = $this->env->getExtension('App\Http\Twig\TwigCacheExtension');
        $twigCacheBody7 = $twigCacheExtension->getCacheValue("index.twig", [($context["demo"] ?? null)]);
        if ($twigCacheBody7 !== null) { yield $twigCacheBody7; } else {
            $twigCacheBody7 = ('' === $tmp = \Twig\Extension\CoreExtension::captureOutput((function () use (&$context, $macros, $blocks) {
                // line 2
                yield "    ";
                yield $this->env->getRuntime('Twig\Runtime\EscaperRuntime')->escape(($context["firstname"] ?? null), "html", null, true);
                yield " ";
                yield $this->env->getRuntime('Twig\Runtime\EscaperRuntime')->escape(($context["lastname"] ?? null), "html", null, true);
                yield "
";
                yield from [];
            })())) ? '' : new Markup($tmp, $this->env->getCharset());            ;
            $twigCacheExtension->setCacheValue("index.twig", [            // line 1
($context["demo"] ?? null)],$twigCacheBody7);
            yield $twigCacheBody7;
        }
        yield from [];
    }

    /**
     * @codeCoverageIgnore
     */
    public function getTemplateName(): string
    {
        return "index.twig";
    }

    /**
     * @codeCoverageIgnore
     */
    public function isTraitable(): bool
    {
        return false;
    }

    /**
     * @codeCoverageIgnore
     */
    public function getDebugInfo(): array
    {
        return array (  56 => 1,  47 => 2,  42 => 1,);
    }

    public function getSourceContext(): Source
    {
        return new Source("", "index.twig", "");
    }
}
